ubuntu@ip-10-0-11-30:~/bmi-health-tracker-ec2-server/frontend$ cat /etc/nginx/sites-available/default 
##
# You should look at the following URL's in order to grasp a solid understanding
# of Nginx configuration files in order to fully unleash the power of Nginx.
# https://www.nginx.com/resources/wiki/start/
# https://www.nginx.com/resources/wiki/start/topics/tutorials/config_pitfalls/
# https://wiki.debian.org/Nginx/DirectoryStructure
#
# In most cases, administrators will remove this file from sites-enabled/ and
# leave it as reference inside of sites-available where it will continue to be
# updated by the nginx packaging team.
#
# This file will automatically load configuration files provided by other
# applications, such as Drupal or Wordpress. These applications will be made
# available underneath a path with that package name, such as /drupal8.
#
# Please see /usr/share/doc/nginx-doc/examples/ for more detailed examples.
##

# Default server configuration
#
server {
	listen 80 default_server;
	listen [::]:80 default_server;

	# SSL configuration
	#
	# listen 443 ssl default_server;
	# listen [::]:443 ssl default_server;
	#
	# Note: You should disable gzip for SSL traffic.
	# See: https://bugs.debian.org/773332
	#
	# Read up on ssl_ciphers to ensure a secure configuration.
	# See: https://bugs.debian.org/765782
	#
	# Self signed certs generated by the ssl-cert package
	# Don't use them in a production server!
	#
	# include snippets/snakeoil.conf;

	root /var/www/html;

	# Add index.php to the list if you are using PHP
	index index.html index.htm index.nginx-debian.html;

	server_name _;

	location / {
		# First attempt to serve request as file, then
		# as directory, then fall back to displaying a 404.
		try_files $uri $uri/ =404;
	}

	# pass PHP scripts to FastCGI server
	#
	#location ~ \.php$ {
	#	include snippets/fastcgi-php.conf;
	#
	#	# With php-fpm (or other unix sockets):
	#	fastcgi_pass unix:/run/php/php7.4-fpm.sock;
	#	# With php-cgi (or other tcp sockets):
	#	fastcgi_pass 127.0.0.1:9000;
	#}

	# deny access to .htaccess files, if Apache's document root
	# concurs with nginx's one
	#
	#location ~ /\.ht {
	#	deny all;
	#}
}


# Virtual Host configuration for example.com
#
# You can move that to a different file under sites-available/ and symlink that
# to sites-enabled/ to enable it.
#
#server {
#	listen 80;
#	listen [::]:80;
#
#	server_name example.com;
#
#	root /var/www/example.com;
#	index index.html;
#
#	location / {
#		try_files $uri $uri/ =404;
#	}
#}
ubuntu@ip-10-0-11-30:~/bmi-health-tracker-ec2-server/frontend$ ls -la  /etc/nginx/sites-available/
total 12
drwxr-xr-x 2 root root 4096 Aug 26 09:54 .
drwxr-xr-x 8 root root 4096 Aug 26 09:56 ..
-rw-r--r-- 1 root root 2412 May 30  2023 default
ubuntu@ip-10-0-11-30:~/bmi-health-tracker-ec2-server/frontend$ cd /var/
ubuntu@ip-10-0-11-30:/var$ ll
total 56
drwxr-xr-x 14 root root   4096 Aug 26 09:54 ./
drwxr-xr-x 19 root root   4096 Aug 26 09:53 ../
drwxr-xr-x  2 root root   4096 Apr 18  2022 backups/
drwxr-xr-x 13 root root   4096 Aug 26 10:11 cache/
drwxrwxrwt  2 root root   4096 Aug 26 06:04 crash/
drwxr-xr-x 46 root root   4096 Aug 26 09:56 lib/
drwxrwsr-x  2 root staff  4096 Apr 18  2022 local/
lrwxrwxrwx  1 root root      9 Aug 26 06:02 lock -> /run/lock/
drwxrwxr-x 14 root syslog 4096 Aug 26 09:56 log/
drwxrwsr-x  2 root mail   4096 Aug 26 06:02 mail/
drwxr-xr-x  2 root root   4096 Aug 26 06:02 opt/
lrwxrwxrwx  1 root root      4 Aug 26 06:02 run -> /run/
drwxr-xr-x  6 root root   4096 Aug 26 06:11 snap/
drwxr-xr-x  4 root root   4096 Aug 26 06:02 spool/
drwxrwxrwt  6 root root   4096 Aug 26 09:55 tmp/
drwxr-xr-x  3 root root   4096 Aug 26 09:54 www/
ubuntu@ip-10-0-11-30:/var$ cd www/
ubuntu@ip-10-0-11-30:/var/www$ ll
total 12
drwxr-xr-x  3 root root 4096 Aug 26 09:54 ./
drwxr-xr-x 14 root root 4096 Aug 26 09:54 ../
drwxr-xr-x  2 root root 4096 Aug 26 09:54 html/
ubuntu@ip-10-0-11-30:/var/www$ cd html/
ubuntu@ip-10-0-11-30:/var/www/html$ ll
total 12
drwxr-xr-x 2 root root 4096 Aug 26 09:54 ./
drwxr-xr-x 3 root root 4096 Aug 26 09:54 ../
-rw-r--r-- 1 root root  612 Aug 26 09:54 index.nginx-debian.html
ubuntu@ip-10-0-11-30:/var/www/html$ cd
ubuntu@ip-10-0-11-30:~$ sudo tail -n 200 [cloud-init-output.log](http://_vscodecontentref_/1)
sudo tail -n 200 [cloud-init.log](http://_vscodecontentref_/2)
sudo tail -n 200 /var/log/syslog
-bash: syntax error near unexpected token `('
-bash: syntax error near unexpected token `('
Aug 26 09:55:39 ip-10-0-11-30 cloud-init[1195]: Unpacking nodejs (20.20.2-1nodesource1) ...
Aug 26 09:55:42 ip-10-0-11-30 cloud-init[1195]: Setting up nodejs (20.20.2-1nodesource1) ...
Aug 26 09:55:43 ip-10-0-11-30 cloud-init[1195]: Processing triggers for man-db (2.10.2-1) ...
Aug 26 09:55:44 ip-10-0-11-30 cloud-init[1195]: Running kernel seems to be up-to-date.
Aug 26 09:55:44 ip-10-0-11-30 cloud-init[1195]: No services need to be restarted.
Aug 26 09:55:44 ip-10-0-11-30 cloud-init[1195]: No containers need to be restarted.
Aug 26 09:55:44 ip-10-0-11-30 cloud-init[1195]: No user sessions are running outdated binaries.
Aug 26 09:55:44 ip-10-0-11-30 cloud-init[1195]: No VM guests are running outdated hypervisor (qemu) binaries on this host.
Aug 26 09:55:46 ip-10-0-11-30 cloud-init[1195]: + '[' -d /home/ubuntu/bmi-health-tracker-ec2-server/.git ']'
Aug 26 09:55:46 ip-10-0-11-30 cloud-init[1195]: + rm -rf /home/ubuntu/bmi-health-tracker-ec2-server
Aug 26 09:55:46 ip-10-0-11-30 cloud-init[1195]: + git clone --branch main --single-branch https://github.com/Tanvir-Alam625/three-tier-aws-deployment.git /home/ubuntu/bmi-health-tracker-ec2-server
Aug 26 09:55:46 ip-10-0-11-30 cloud-init[1195]: Cloning into '/home/ubuntu/bmi-health-tracker-ec2-server'...
Aug 26 09:55:47 ip-10-0-11-30 cloud-init[1195]: + BACKEND_DIR=
Aug 26 09:55:47 ip-10-0-11-30 cloud-init[1195]: + FRONTEND_DIR=
Aug 26 09:55:47 ip-10-0-11-30 cloud-init[1195]: + for candidate in "$APP_DIR/backend" "$APP_DIR/server" "$APP_DIR/app/backend" "$APP_DIR/app/server"
Aug 26 09:55:47 ip-10-0-11-30 cloud-init[1195]: + '[' -d /home/ubuntu/bmi-health-tracker-ec2-server/backend ']'
Aug 26 09:55:47 ip-10-0-11-30 cloud-init[1195]: + '[' -f /home/ubuntu/bmi-health-tracker-ec2-server/backend/package.json ']'
Aug 26 09:55:47 ip-10-0-11-30 cloud-init[1195]: + BACKEND_DIR=/home/ubuntu/bmi-health-tracker-ec2-server/backend
Aug 26 09:55:47 ip-10-0-11-30 cloud-init[1195]: + break
Aug 26 09:55:47 ip-10-0-11-30 cloud-init[1195]: + for candidate in "$APP_DIR/frontend" "$APP_DIR/client" "$APP_DIR/app/frontend" "$APP_DIR/app/client"
Aug 26 09:55:47 ip-10-0-11-30 cloud-init[1195]: + '[' -d /home/ubuntu/bmi-health-tracker-ec2-server/frontend ']'
Aug 26 09:55:47 ip-10-0-11-30 cloud-init[1195]: + '[' -f /home/ubuntu/bmi-health-tracker-ec2-server/frontend/package.json ']'
Aug 26 09:55:47 ip-10-0-11-30 cloud-init[1195]: + FRONTEND_DIR=/home/ubuntu/bmi-health-tracker-ec2-server/frontend
Aug 26 09:55:47 ip-10-0-11-30 cloud-init[1195]: + break
Aug 26 09:55:47 ip-10-0-11-30 cloud-init[1195]: + '[' -z /home/ubuntu/bmi-health-tracker-ec2-server/backend ']'
Aug 26 09:55:47 ip-10-0-11-30 cloud-init[1195]: + '[' -z /home/ubuntu/bmi-health-tracker-ec2-server/frontend ']'
Aug 26 09:55:47 ip-10-0-11-30 cloud-init[1195]: + '[' -z /home/ubuntu/bmi-health-tracker-ec2-server/backend ']'
Aug 26 09:55:47 ip-10-0-11-30 cloud-init[1195]: + '[' '!' -f /home/ubuntu/bmi-health-tracker-ec2-server/backend/package.json ']'
Aug 26 09:55:47 ip-10-0-11-30 cloud-init[1195]: + '[' -z /home/ubuntu/bmi-health-tracker-ec2-server/frontend ']'
Aug 26 09:55:47 ip-10-0-11-30 cloud-init[1195]: + '[' '!' -f /home/ubuntu/bmi-health-tracker-ec2-server/frontend/package.json ']'
Aug 26 09:55:47 ip-10-0-11-30 cloud-init[1195]: + cat
Aug 26 09:55:47 ip-10-0-11-30 cloud-init[1195]: + chmod 600 /home/ubuntu/bmi-health-tracker-ec2-server/backend/.env
Aug 26 09:55:47 ip-10-0-11-30 cloud-init[1195]: + cd /home/ubuntu/bmi-health-tracker-ec2-server/backend
Aug 26 09:55:47 ip-10-0-11-30 cloud-init[1195]: + npm install --no-audit --no-fund
Aug 26 09:55:50 ip-10-0-11-30 cloud-init[1195]: added 113 packages in 3s
Aug 26 09:55:50 ip-10-0-11-30 cloud-init[1195]: npm notice
Aug 26 09:55:50 ip-10-0-11-30 cloud-init[1195]: npm notice New major version of npm available! 10.8.2 -> 12.0.2
Aug 26 09:55:50 ip-10-0-11-30 cloud-init[1195]: npm notice Changelog: https://github.com/npm/cli/releases/tag/v12.0.2
Aug 26 09:55:50 ip-10-0-11-30 cloud-init[1195]: npm notice To update run: npm install -g npm@12.0.2
Aug 26 09:55:50 ip-10-0-11-30 cloud-init[1195]: npm notice
Aug 26 09:55:50 ip-10-0-11-30 cloud-init[1195]: + cd /home/ubuntu/bmi-health-tracker-ec2-server/frontend
Aug 26 09:55:50 ip-10-0-11-30 cloud-init[1195]: + npm install --no-audit --no-fund
Aug 26 09:55:53 ip-10-0-11-30 cloud-init[1195]: added 90 packages in 3s
Aug 26 09:55:53 ip-10-0-11-30 cloud-init[1195]: + npm run build
Aug 26 09:55:53 ip-10-0-11-30 cloud-init[1195]: > bmi-health-frontend@1.0.0 build
Aug 26 09:55:53 ip-10-0-11-30 cloud-init[1195]: > vite build
Aug 26 09:55:53 ip-10-0-11-30 cloud-init[1195]: #033[33mThe CJS build of Vite's Node API is deprecated. See https://vite.dev/guide/troubleshooting.html#vite-cjs-node-api-deprecated for more details.#033[39m
Aug 26 09:55:53 ip-10-0-11-30 cloud-init[1195]: vite v5.4.21 building for production...
Aug 26 09:55:54 ip-10-0-11-30 cloud-init[1195]: transforming...
Aug 26 09:55:56 ip-10-0-11-30 cloud-init[1195]: ✓ 90 modules transformed.
Aug 26 09:55:57 ip-10-0-11-30 cloud-init[1195]: rendering chunks...
Aug 26 09:55:57 ip-10-0-11-30 cloud-init[1195]: computing gzip size...
Aug 26 09:55:57 ip-10-0-11-30 cloud-init[1195]: dist/index.html                   0.70 kB │ gzip:   0.40 kB
Aug 26 09:55:57 ip-10-0-11-30 cloud-init[1195]: dist/assets/index-DF3gYqrK.css    6.96 kB │ gzip:   2.15 kB
Aug 26 09:55:57 ip-10-0-11-30 cloud-init[1195]: dist/assets/index-8WbEz4Gj.js   365.65 kB │ gzip: 123.82 kB
Aug 26 09:55:57 ip-10-0-11-30 cloud-init[1195]: ✓ built in 3.31s
Aug 26 09:55:57 ip-10-0-11-30 cloud-init[1195]: + sudo -u postgres psql -tc 'SELECT 1 FROM pg_roles WHERE rolname='\''bmi_user'\'''
Aug 26 09:55:57 ip-10-0-11-30 cloud-init[1195]: + grep -q 1
Aug 26 09:55:57 ip-10-0-11-30 cloud-init[1195]: + sudo -u postgres psql -v ON_ERROR_STOP=1 -c 'CREATE USER bmi_user WITH PASSWORD '\''StrongPassword123!'\'';'
Aug 26 09:55:57 ip-10-0-11-30 cloud-init[1195]: CREATE ROLE
Aug 26 09:55:57 ip-10-0-11-30 cloud-init[1195]: + sudo -u postgres psql -tc 'SELECT 1 FROM pg_database WHERE datname='\''bmi_health'\'''
Aug 26 09:55:57 ip-10-0-11-30 cloud-init[1195]: + grep -q 1
Aug 26 09:55:57 ip-10-0-11-30 cloud-init[1195]: + sudo -u postgres psql -v ON_ERROR_STOP=1 -c 'CREATE DATABASE bmi_health OWNER bmi_user;'
Aug 26 09:55:57 ip-10-0-11-30 cloud-init[1195]: CREATE DATABASE
Aug 26 09:55:57 ip-10-0-11-30 cloud-init[1195]: + sudo -u postgres psql -v ON_ERROR_STOP=1 -d bmi_health -c 'GRANT ALL PRIVILEGES ON DATABASE bmi_health TO bmi_user;'
Aug 26 09:55:58 ip-10-0-11-30 cloud-init[1195]: GRANT
Aug 26 09:55:58 ip-10-0-11-30 cloud-init[1195]: + '[' -f /home/ubuntu/bmi-health-tracker-ec2-server/database/migrations/001_create_measurements.sql ']'
Aug 26 09:55:58 ip-10-0-11-30 cloud-init[1195]: + PGPASSWORD='StrongPassword123!'
Aug 26 09:55:58 ip-10-0-11-30 cloud-init[1195]: + psql -h 127.0.0.1 -U bmi_user -d bmi_health -f /home/ubuntu/bmi-health-tracker-ec2-server/database/migrations/001_create_measurements.sql
Aug 26 09:55:58 ip-10-0-11-30 cloud-init[1195]: CREATE TABLE
Aug 26 09:55:58 ip-10-0-11-30 cloud-init[1195]: CREATE INDEX
Aug 26 09:55:58 ip-10-0-11-30 cloud-init[1195]: message repeated 2 times: [ CREATE INDEX]
Aug 26 09:55:58 ip-10-0-11-30 cloud-init[1195]: COMMENT
Aug 26 09:55:58 ip-10-0-11-30 cloud-init[1195]: message repeated 10 times: [ COMMENT]
Aug 26 09:55:58 ip-10-0-11-30 cloud-init[1195]:                               status
Aug 26 09:55:58 ip-10-0-11-30 cloud-init[1195]: -------------------------------------------------------------------
Aug 26 09:55:58 ip-10-0-11-30 cloud-init[1195]:  Migration 001 completed successfully - measurements table created
Aug 26 09:55:58 ip-10-0-11-30 cloud-init[1195]: (1 row)
Aug 26 09:55:58 ip-10-0-11-30 cloud-init[1195]: + cat
Aug 26 09:55:58 ip-10-0-11-30 cloud-init[1195]: + systemctl daemon-reload
Aug 26 09:55:58 ip-10-0-11-30 systemd[1]: Reloading.
Aug 26 09:55:58 ip-10-0-11-30 systemd[1]: Configuration file /run/systemd/system/netplan-ovs-cleanup.service is marked world-inaccessible. This has no effect as configuration data is accessible via APIs without restrictions. Proceeding anyway.
Aug 26 09:55:58 ip-10-0-11-30 systemd[1]: /lib/systemd/system/snapd.service:23: Unknown key name 'RestartMode' in section 'Service', ignoring.
Aug 26 09:55:58 ip-10-0-11-30 cloud-init[1195]: + systemctl enable bmi-backend
Aug 26 09:55:58 ip-10-0-11-30 cloud-init[1195]: Created symlink /etc/systemd/system/multi-user.target.wants/bmi-backend.service → /etc/systemd/system/bmi-backend.service.
Aug 26 09:55:58 ip-10-0-11-30 systemd[1]: Reloading.
Aug 26 09:55:58 ip-10-0-11-30 systemd[1]: Configuration file /run/systemd/system/netplan-ovs-cleanup.service is marked world-inaccessible. This has no effect as configuration data is accessible via APIs without restrictions. Proceeding anyway.
Aug 26 09:55:58 ip-10-0-11-30 systemd[1]: /lib/systemd/system/snapd.service:23: Unknown key name 'RestartMode' in section 'Service', ignoring.
Aug 26 09:55:58 ip-10-0-11-30 cloud-init[1195]: + systemctl start bmi-backend
Aug 26 09:55:58 ip-10-0-11-30 systemd[1]: Started BMI Health Tracker Backend.
Aug 26 09:55:58 ip-10-0-11-30 cloud-init[1195]: + HEALTH_OK=0
Aug 26 09:55:58 ip-10-0-11-30 cloud-init[1195]: ++ seq 1 60
Aug 26 09:55:58 ip-10-0-11-30 cloud-init[1195]: + for i in $(seq 1 60)
Aug 26 09:55:58 ip-10-0-11-30 cloud-init[1195]: + grep -q '"status":"ok"'
Aug 26 09:55:58 ip-10-0-11-30 cloud-init[1195]: + curl -fsS http://127.0.0.1:3000/health
Aug 26 09:55:58 ip-10-0-11-30 cloud-init[1195]: curl: (7) Failed to connect to 127.0.0.1 port 3000 after 0 ms: Connection refused
Aug 26 09:55:58 ip-10-0-11-30 cloud-init[1195]: + echo 'Waiting for backend health on port 3000... 1/60'
Aug 26 09:55:58 ip-10-0-11-30 cloud-init[1195]: Waiting for backend health on port 3000... 1/60
Aug 26 09:55:58 ip-10-0-11-30 cloud-init[1195]: + sleep 5
Aug 26 09:55:58 ip-10-0-11-30 npm[7226]: > bmi-health-backend@1.0.0 start
Aug 26 09:55:58 ip-10-0-11-30 npm[7226]: > node src/server.js
Aug 26 09:55:59 ip-10-0-11-30 npm[7242]: Server running on port 3000
Aug 26 09:55:59 ip-10-0-11-30 npm[7242]: Environment: production
Aug 26 09:55:59 ip-10-0-11-30 npm[7242]: API: http://localhost:3000/api
Aug 26 09:55:59 ip-10-0-11-30 npm[7242]: [OK] Database connected at: 2026-08-26T09:55:59.311Z
Aug 26 09:56:03 ip-10-0-11-30 cloud-init[1195]: + for i in $(seq 1 60)
Aug 26 09:56:03 ip-10-0-11-30 cloud-init[1195]: + grep -q '"status":"ok"'
Aug 26 09:56:03 ip-10-0-11-30 cloud-init[1195]: + curl -fsS http://127.0.0.1:3000/health
Aug 26 09:56:03 ip-10-0-11-30 cloud-init[1195]: + echo 'Backend health check passed'
Aug 26 09:56:03 ip-10-0-11-30 cloud-init[1195]: Backend health check passed
Aug 26 09:56:03 ip-10-0-11-30 cloud-init[1195]: + HEALTH_OK=1
Aug 26 09:56:03 ip-10-0-11-30 cloud-init[1195]: + break
Aug 26 09:56:03 ip-10-0-11-30 cloud-init[1195]: + '[' 1 -ne 1 ']'
Aug 26 09:56:03 ip-10-0-11-30 cloud-init[1195]: + mkdir -p /etc/ssl/cloudflare
Aug 26 09:56:03 ip-10-0-11-30 cloud-init[1195]: + chmod 700 /etc/ssl/cloudflare
Aug 26 09:56:03 ip-10-0-11-30 cloud-init[1195]: + '[' -f /etc/ssl/cloudflare/cloudflare.crt ']'
Aug 26 09:56:03 ip-10-0-11-30 cloud-init[1195]: + echo 'Cloudflare origin cert not found, falling back to certbot'
Aug 26 09:56:03 ip-10-0-11-30 cloud-init[1195]: Cloudflare origin cert not found, falling back to certbot
Aug 26 09:56:03 ip-10-0-11-30 cloud-init[1195]: + '[' '!' -d /etc/letsencrypt/live/3tier.tanvirops.xyz ']'
Aug 26 09:56:03 ip-10-0-11-30 cloud-init[1195]: + certbot --nginx --non-interactive --agree-tos --email admin@3tier.tanvirops.xyz -d 3tier.tanvirops.xyz
Aug 26 09:56:05 ip-10-0-11-30 cloud-init[1195]: Saving debug log to /var/log/letsencrypt/letsencrypt.log
Aug 26 09:56:06 ip-10-0-11-30 cloud-init[1195]: Account registered.
Aug 26 09:56:06 ip-10-0-11-30 cloud-init[1195]: Requesting a certificate for 3tier.tanvirops.xyz
Aug 26 09:56:10 ip-10-0-11-30 cloud-init[1195]: Certbot failed to authenticate some domains (authenticator: nginx). The Certificate Authority reported these problems:
Aug 26 09:56:10 ip-10-0-11-30 cloud-init[1195]:   Domain: 3tier.tanvirops.xyz
Aug 26 09:56:10 ip-10-0-11-30 cloud-init[1195]:   Type:   unauthorized
Aug 26 09:56:10 ip-10-0-11-30 cloud-init[1195]:   Detail: 2606:4700:3032::6815:4eb2: Invalid response from http://3tier.tanvirops.xyz/.well-known/acme-challenge/tLJQI_GvnDKlHn_R-6Yp1d_s8gETDM-nfkMYXJcsg9I: 530
Aug 26 09:56:10 ip-10-0-11-30 cloud-init[1195]: Hint: The Certificate Authority failed to verify the temporary nginx configuration changes made by Certbot. Ensure the listed domains point to this nginx server and that it is accessible from the internet.
Aug 26 09:56:11 ip-10-0-11-30 cloud-init[1195]: Some challenges have failed.
Aug 26 09:56:11 ip-10-0-11-30 cloud-init[1195]: Ask for help or search for solutions at https://community.letsencrypt.org. See the logfile /var/log/letsencrypt/letsencrypt.log or re-run Certbot with -v for more details.
Aug 26 09:56:11 ip-10-0-11-30 cloud-init[1195]: 2026-08-26 09:56:11,743 - cc_scripts_user.py[WARNING]: Failed to run module scripts_user (scripts in /var/lib/cloud/instance/scripts)
Aug 26 09:56:11 ip-10-0-11-30 cloud-init[1195]: 2026-08-26 09:56:11,743 - log_util.py[WARNING]: Running module scripts_user (<module 'cloudinit.config.cc_scripts_user' from '/usr/lib/python3/dist-packages/cloudinit/config/cc_scripts_user.py'>) failed
Aug 26 09:56:11 ip-10-0-11-30 cloud-init: #############################################################
Aug 26 09:56:11 ip-10-0-11-30 cloud-init: -----BEGIN SSH HOST KEY FINGERPRINTS-----
Aug 26 09:56:11 ip-10-0-11-30 cloud-init: 256 SHA256:YTruZB37Vo0RHU9iPbf0ZL6ZlA/AbNm2NlhGwrVuy7w root@ip-10-0-11-30 (ECDSA)
Aug 26 09:56:11 ip-10-0-11-30 cloud-init: 256 SHA256:dC5FBh84sxARElJTkIfwkMlQj/gSf/KOt952JNSZhYc root@ip-10-0-11-30 (ED25519)
Aug 26 09:56:11 ip-10-0-11-30 cloud-init: 3072 SHA256:tsJB5h8S8NiJmHRSD1FGBgAEvGrsuZkDSzAdJvhcARc root@ip-10-0-11-30 (RSA)
Aug 26 09:56:11 ip-10-0-11-30 cloud-init: -----END SSH HOST KEY FINGERPRINTS-----
Aug 26 09:56:11 ip-10-0-11-30 cloud-init: #############################################################
Aug 26 09:56:11 ip-10-0-11-30 cloud-init[1195]: Cloud-init v. 26.1-0ubuntu1~22.04.1 finished at Wed, 26 Aug 2026 09:56:11 +0000. Datasource DataSourceEc2Local.  Up 191.13 seconds
Aug 26 09:56:11 ip-10-0-11-30 systemd[1]: cloud-final.service: Main process exited, code=exited, status=1/FAILURE
Aug 26 09:56:11 ip-10-0-11-30 systemd[1]: cloud-final.service: Failed with result 'exit-code'.
Aug 26 09:56:11 ip-10-0-11-30 systemd[1]: cloud-final.service: Unit process 1194 (sh) remains running after unit stopped.
Aug 26 09:56:11 ip-10-0-11-30 systemd[1]: cloud-final.service: Unit process 1195 (tee) remains running after unit stopped.
Aug 26 09:56:11 ip-10-0-11-30 systemd[1]: Failed to start Cloud-init: Final Stage.
Aug 26 09:56:11 ip-10-0-11-30 systemd[1]: cloud-final.service: Consumed 1min 19.362s CPU time.
Aug 26 09:56:11 ip-10-0-11-30 systemd[1]: Reached target Cloud-init target.
Aug 26 09:56:11 ip-10-0-11-30 systemd[1]: Startup finished in 1.323s (kernel) + 3min 9.896s (userspace) = 3min 11.219s.
Aug 26 09:58:09 ip-10-0-11-30 systemd[1]: Starting Download data for packages that failed at package install time...
Aug 26 09:58:09 ip-10-0-11-30 systemd[1]: update-notifier-download.service: Deactivated successfully.
Aug 26 09:58:09 ip-10-0-11-30 systemd[1]: Finished Download data for packages that failed at package install time.
Aug 26 10:05:01 ip-10-0-11-30 CRON[7313]: (root) CMD (command -v debian-sa1 > /dev/null && debian-sa1 1 1)
Aug 26 10:08:10 ip-10-0-11-30 systemd[1]: Starting Cleanup of Temporary Directories...
Aug 26 10:08:10 ip-10-0-11-30 systemd[1]: systemd-tmpfiles-clean.service: Deactivated successfully.
Aug 26 10:08:10 ip-10-0-11-30 systemd[1]: Finished Cleanup of Temporary Directories.
Aug 26 10:11:09 ip-10-0-11-30 systemd[1]: Created slice User Slice of UID 1000.
Aug 26 10:11:09 ip-10-0-11-30 systemd[1]: Starting User Runtime Directory /run/user/1000...
Aug 26 10:11:09 ip-10-0-11-30 systemd[1]: Finished User Runtime Directory /run/user/1000.
Aug 26 10:11:09 ip-10-0-11-30 systemd[1]: Starting User Manager for UID 1000...
Aug 26 10:11:09 ip-10-0-11-30 systemd[7341]: Queued start job for default target Main User Target.
Aug 26 10:11:09 ip-10-0-11-30 systemd[7341]: Created slice User Application Slice.
Aug 26 10:11:09 ip-10-0-11-30 systemd[7341]: Reached target Paths.
Aug 26 10:11:09 ip-10-0-11-30 systemd[7341]: Reached target Timers.
Aug 26 10:11:09 ip-10-0-11-30 systemd[7341]: Starting D-Bus User Message Bus Socket...
Aug 26 10:11:09 ip-10-0-11-30 systemd[7341]: Listening on GnuPG network certificate management daemon.
Aug 26 10:11:09 ip-10-0-11-30 systemd[7341]: Listening on GnuPG cryptographic agent and passphrase cache (access for web browsers).
Aug 26 10:11:09 ip-10-0-11-30 systemd[7341]: Listening on GnuPG cryptographic agent and passphrase cache (restricted).
Aug 26 10:11:09 ip-10-0-11-30 systemd[7341]: Listening on GnuPG cryptographic agent (ssh-agent emulation).
Aug 26 10:11:09 ip-10-0-11-30 systemd[7341]: Listening on GnuPG cryptographic agent and passphrase cache.
Aug 26 10:11:09 ip-10-0-11-30 systemd[7341]: Listening on debconf communication socket.
Aug 26 10:11:09 ip-10-0-11-30 systemd[7341]: Listening on REST API socket for snapd user session agent.
Aug 26 10:11:09 ip-10-0-11-30 systemd[7341]: Listening on D-Bus User Message Bus Socket.
Aug 26 10:11:09 ip-10-0-11-30 systemd[7341]: Reached target Sockets.
Aug 26 10:11:09 ip-10-0-11-30 systemd[7341]: Reached target Basic System.
Aug 26 10:11:09 ip-10-0-11-30 systemd[7341]: Reached target Main User Target.
Aug 26 10:11:09 ip-10-0-11-30 systemd[7341]: Startup finished in 87ms.
Aug 26 10:11:09 ip-10-0-11-30 systemd[1]: Started User Manager for UID 1000.
Aug 26 10:11:09 ip-10-0-11-30 systemd[1]: Started Session 4 of User ubuntu.
Aug 26 10:15:01 ip-10-0-11-30 CRON[7510]: (root) CMD (command -v debian-sa1 > /dev/null && debian-sa1 1 1)
Aug 26 10:17:01 ip-10-0-11-30 CRON[7521]: (root) CMD (   cd / && run-parts --report /etc/cron.hourly)
Aug 26 10:20:45 ip-10-0-11-30 amazon-ssm-agent.amazon-ssm-agent[1135]: 2026-08-26 10:20:45.4632 WARN EC2RoleProvider Failed to connect to Systems Manager with instance profile role credentials. Err: retrieved credentials failed to report to ssm. Error: EC2RoleRequestError: no EC2 instance role found
Aug 26 10:20:45 ip-10-0-11-30 amazon-ssm-agent.amazon-ssm-agent[1135]: caused by: EC2MetadataError: failed to make EC2Metadata request
Aug 26 10:20:45 ip-10-0-11-30 amazon-ssm-agent.amazon-ssm-agent[1135]: <?xml version="1.0" encoding="iso-8859-1"?>
Aug 26 10:20:45 ip-10-0-11-30 amazon-ssm-agent.amazon-ssm-agent[1135]: <!DOCTYPE html PUBLIC "-//W3C//DTD XHTML 1.0 Transitional//EN"
Aug 26 10:20:45 ip-10-0-11-30 amazon-ssm-agent.amazon-ssm-agent[1135]: #011#011 "http://www.w3.org/TR/xhtml1/DTD/xhtml1-transitional.dtd">
Aug 26 10:20:45 ip-10-0-11-30 amazon-ssm-agent.amazon-ssm-agent[1135]: <html xmlns="http://www.w3.org/1999/xhtml" xml:lang="en" lang="en">
Aug 26 10:20:45 ip-10-0-11-30 amazon-ssm-agent.amazon-ssm-agent[1135]:  <head>
Aug 26 10:20:45 ip-10-0-11-30 amazon-ssm-agent.amazon-ssm-agent[1135]:   <title>404 - Not Found</title>
Aug 26 10:20:45 ip-10-0-11-30 amazon-ssm-agent.amazon-ssm-agent[1135]:  </head>
Aug 26 10:20:45 ip-10-0-11-30 amazon-ssm-agent.amazon-ssm-agent[1135]:  <body>
Aug 26 10:20:45 ip-10-0-11-30 amazon-ssm-agent.amazon-ssm-agent[1135]:   <h1>404 - Not Found</h1>
Aug 26 10:20:45 ip-10-0-11-30 amazon-ssm-agent.amazon-ssm-agent[1135]:  </body>
Aug 26 10:20:45 ip-10-0-11-30 amazon-ssm-agent.amazon-ssm-agent[1135]: </html>
Aug 26 10:20:45 ip-10-0-11-30 amazon-ssm-agent.amazon-ssm-agent[1135]: #011status code: 404, request id:
Aug 26 10:20:45 ip-10-0-11-30 amazon-ssm-agent.amazon-ssm-agent[1135]: 2026-08-26 10:20:45.4938 ERROR EC2RoleProvider Failed to connect to Systems Manager with SSM role credentials. error calling RequestManagedInstanceRoleToken: AccessDeniedException: Systems Manager's instance management role is not configured for account: 448513989308
Aug 26 10:20:45 ip-10-0-11-30 amazon-ssm-agent.amazon-ssm-agent[1135]: #011status code: 400, request id: 1c635fde-51df-4946-b1f0-0bf903ea67cd
Aug 26 10:20:45 ip-10-0-11-30 amazon-ssm-agent.amazon-ssm-agent[1135]: 2026-08-26 10:20:45.4938 ERROR [CredentialRefresher] Retrieve credentials produced error: no valid credentials could be retrieved for ec2 identity. Default Host Management Err: error calling RequestManagedInstanceRoleToken: AccessDeniedException: Systems Manager's instance management role is not configured for account: 448513989308
Aug 26 10:20:45 ip-10-0-11-30 amazon-ssm-agent.amazon-ssm-agent[1135]: #011status code: 400, request id: 1c635fde-51df-4946-b1f0-0bf903ea67cd
Aug 26 10:20:45 ip-10-0-11-30 amazon-ssm-agent.amazon-ssm-agent[1135]: 2026-08-26 10:20:45.4938 INFO [CredentialRefresher] Sleeping for 28m10s before retrying retrieve credentials
Aug 26 10:25:01 ip-10-0-11-30 CRON[7576]: (root) CMD (command -v debian-sa1 > /dev/null && debian-sa1 1 1)
ubuntu@ip-10-0-11-30:~$ sudo ls -l /var/lib/cloud/instance/scripts
sudo ls -l /var/lib/cloud/instance/scripts/part-*
sudo cat /var/lib/cloud/instance/scripts/part-001 2>/dev/null || true
total 8
-rwx------ 1 root root 6240 Aug 26 09:53 part-001
-rwx------ 1 root root 6240 Aug 26 09:53 /var/lib/cloud/instance/scripts/part-001
#!/bin/bash
set -euxo pipefail

export DEBIAN_FRONTEND=noninteractive

APP_DIR="/home/ubuntu/bmi-health-tracker-ec2-server"
DOMAIN="3tier.tanvirops.xyz"
DB_NAME="bmi_health"
DB_USER="bmi_user"
DB_PASSWORD="StrongPassword123!"
DB_HOST="127.0.0.1"
APP_PORT="3000"
REPO_URL="https://github.com/Tanvir-Alam625/three-tier-aws-deployment.git"
REPO_BRANCH="main"

mkdir -p /home/ubuntu
chmod 755 /home/ubuntu

apt-get update
apt-get install -y git curl ca-certificates build-essential jq nginx postgresql postgresql-contrib awscli certbot python3-certbot-nginx

curl -fsSL https://deb.nodesource.com/setup_20.x | bash -
apt-get install -y nodejs

if [ -d "$APP_DIR/.git" ]; then
  git -C "$APP_DIR" fetch --all --tags || true
  git -C "$APP_DIR" checkout "$REPO_BRANCH" || git -C "$APP_DIR" checkout -B "$REPO_BRANCH" "origin/$REPO_BRANCH" || true
  git -C "$APP_DIR" pull --ff-only origin "$REPO_BRANCH" || true
else
  rm -rf "$APP_DIR"
  git clone --branch "$REPO_BRANCH" --single-branch "$REPO_URL" "$APP_DIR"
fi

BACKEND_DIR=""
FRONTEND_DIR=""
for candidate in "$APP_DIR/backend" "$APP_DIR/server" "$APP_DIR/app/backend" "$APP_DIR/app/server"; do
  if [ -d "$candidate" ] && [ -f "$candidate/package.json" ]; then
    BACKEND_DIR="$candidate"
    break
  fi
done

for candidate in "$APP_DIR/frontend" "$APP_DIR/client" "$APP_DIR/app/frontend" "$APP_DIR/app/client"; do
  if [ -d "$candidate" ] && [ -f "$candidate/package.json" ]; then
    FRONTEND_DIR="$candidate"
    break
  fi
done

if [ -z "$BACKEND_DIR" ] && [ -f "$APP_DIR/package.json" ]; then
  BACKEND_DIR="$APP_DIR"
fi

if [ -z "$FRONTEND_DIR" ] && [ -f "$APP_DIR/package.json" ] && [ -n "$BACKEND_DIR" ] && [ "$BACKEND_DIR" != "$APP_DIR" ]; then
  FRONTEND_DIR="$APP_DIR"
fi

if [ -z "$BACKEND_DIR" ] || [ ! -f "$BACKEND_DIR/package.json" ]; then
  echo "Backend project not found. Checked possible paths under $APP_DIR" >&2
  find "$APP_DIR" -maxdepth 3 -type f -name package.json 2>/dev/null || true
  exit 1
fi

if [ -z "$FRONTEND_DIR" ] || [ ! -f "$FRONTEND_DIR/package.json" ]; then
  echo "Frontend project not found. Checked possible paths under $APP_DIR" >&2
  find "$APP_DIR" -maxdepth 3 -type f -name package.json 2>/dev/null || true
  exit 1
fi

cat > "$BACKEND_DIR/.env" <<EOF
NODE_ENV=production
PORT=$APP_PORT
DATABASE_URL=postgresql://$DB_USER:$DB_PASSWORD@$DB_HOST:5432/$DB_NAME
FRONTEND_URL=https://$DOMAIN
DB_POOL_SIZE=20
EOF
chmod 600 "$BACKEND_DIR/.env"

cd "$BACKEND_DIR"
npm install --no-audit --no-fund

cd "$FRONTEND_DIR"
npm install --no-audit --no-fund
npm run build

sudo -u postgres psql -tc "SELECT 1 FROM pg_roles WHERE rolname='$DB_USER'" | grep -q 1 || \
  sudo -u postgres psql -v ON_ERROR_STOP=1 -c "CREATE USER $DB_USER WITH PASSWORD '$DB_PASSWORD';"

sudo -u postgres psql -tc "SELECT 1 FROM pg_database WHERE datname='$DB_NAME'" | grep -q 1 || \
  sudo -u postgres psql -v ON_ERROR_STOP=1 -c "CREATE DATABASE $DB_NAME OWNER $DB_USER;"

sudo -u postgres psql -v ON_ERROR_STOP=1 -d "$DB_NAME" -c "GRANT ALL PRIVILEGES ON DATABASE $DB_NAME TO $DB_USER;"

if [ -f "$APP_DIR/database/migrations/001_create_measurements.sql" ]; then
  PGPASSWORD="$DB_PASSWORD" psql -h 127.0.0.1 -U "$DB_USER" -d "$DB_NAME" -f "$APP_DIR/database/migrations/001_create_measurements.sql"
fi

cat > /etc/systemd/system/bmi-backend.service <<EOF
[Unit]
Description=BMI Health Tracker Backend
After=network-online.target
Wants=network-online.target

[Service]
Type=simple
WorkingDirectory=$BACKEND_DIR
EnvironmentFile=$BACKEND_DIR/.env
ExecStart=/usr/bin/npm start
Restart=always
RestartSec=5
NoNewPrivileges=true

[Install]
WantedBy=multi-user.target
EOF

systemctl daemon-reload
systemctl enable bmi-backend
systemctl start bmi-backend

HEALTH_OK=0
for i in $(seq 1 60); do
  if curl -fsS "http://127.0.0.1:$APP_PORT/health" | grep -q '"status":"ok"'; then
    echo "Backend health check passed"
    HEALTH_OK=1
    break
  fi
  echo "Waiting for backend health on port $APP_PORT... $i/60"
  sleep 5
done

if [ "$HEALTH_OK" -ne 1 ]; then
  echo "Backend did not become healthy in time" >&2
  systemctl status bmi-backend --no-pager || true
  journalctl -u bmi-backend --no-pager -n 80 || true
  exit 1
fi

mkdir -p /etc/ssl/cloudflare
chmod 700 /etc/ssl/cloudflare

if [ -f /etc/ssl/cloudflare/cloudflare.crt ] && [ -f /etc/ssl/cloudflare/cloudflare.key ]; then
  echo "Using Cloudflare origin certificate"
  chmod 600 /etc/ssl/cloudflare/cloudflare.crt /etc/ssl/cloudflare/cloudflare.key
else
  echo "Cloudflare origin cert not found, falling back to certbot"
  if [ ! -d "/etc/letsencrypt/live/$DOMAIN" ]; then
    certbot --nginx --non-interactive --agree-tos --email "admin@$DOMAIN" -d "$DOMAIN"
  fi
fi

cat > /etc/nginx/sites-available/bmi-health.conf <<EOF
server {
    listen 80;
    server_name $DOMAIN;
    return 301 https://\$host\$request_uri;
}

server {
    listen 443 ssl http2;
    server_name $DOMAIN;
    client_max_body_size 20M;

    ssl_certificate /etc/ssl/cloudflare/cloudflare.crt;
    ssl_certificate_key /etc/ssl/cloudflare/cloudflare.key;
    ssl_session_cache shared:SSL:10m;
    ssl_protocols TLSv1.2 TLSv1.3;

    location /api/ {
        proxy_pass http://127.0.0.1:$APP_PORT/;
        proxy_http_version 1.1;
        proxy_set_header Host \$host;
        proxy_set_header X-Real-IP \$remote_addr;
        proxy_set_header X-Forwarded-For \$proxy_add_x_forwarded_for;
        proxy_set_header X-Forwarded-Proto https;
    }

    location /health {
        proxy_pass http://127.0.0.1:$APP_PORT/health;
        proxy_http_version 1.1;
        proxy_set_header Host \$host;
        proxy_set_header X-Forwarded-For \$proxy_add_x_forwarded_for;
        proxy_set_header X-Forwarded-Proto https;
    }

    location / {
        root $FRONTEND_DIR/dist;
        try_files \$uri \$uri/ /index.html;
    }
}
EOF

rm -f /etc/nginx/sites-enabled/default
ln -sf /etc/nginx/sites-available/bmi-health.conf /etc/nginx/sites-enabled/bmi-health.conf
nginx -t
systemctl enable nginx
systemctl restart nginx

curl -fsS "https://$DOMAIN/health" || curl -fsS "http://$DOMAIN/health" || true
curl -fsS "https://$DOMAIN/api/measurements?limit=1" || curl -fsS "http://$DOMAIN/api/measurements?limit=1" || true

echo "Deployment script completed successfully"
ubuntu@ip-10-0-11-30:~$ cloud-init status --long
sudo journalctl -u cloud-final -n 200 --no-pager
sudo journalctl -u cloud-init -n 200 --no-pager
status: error
extended_status: error - done
boot_status_code: enabled-by-generator
last_update: Thu, 01 Jan 1970 00:03:11 +0000
detail: DataSourceEc2Local
errors:
	- ('scripts_user', RuntimeError('Runparts: 1 failures (part-001) in 1 attempted commands'))
recoverable_errors:
WARNING:
	- Failed to run module scripts_user (scripts in /var/lib/cloud/instance/scripts)
	- Running module scripts_user (<module 'cloudinit.config.cc_scripts_user' from '/usr/lib/python3/dist-packages/cloudinit/config/cc_scripts_user.py'>) failed
Aug 26 09:55:29 ip-10-0-11-30 cloud-init[1195]: Fetched 1510 B in 0s (75.5 kB/s)
Aug 26 09:55:29 ip-10-0-11-30 cloud-init[1195]: Selecting previously unselected package apt-transport-https.
Aug 26 09:55:30 ip-10-0-11-30 cloud-init[1195]: [614B blob data]
Aug 26 09:55:30 ip-10-0-11-30 cloud-init[1195]: Preparing to unpack .../apt-transport-https_2.4.14_all.deb ...
Aug 26 09:55:30 ip-10-0-11-30 cloud-init[1195]: Unpacking apt-transport-https (2.4.14) ...
Aug 26 09:55:30 ip-10-0-11-30 cloud-init[1195]: Setting up apt-transport-https (2.4.14) ...
Aug 26 09:55:31 ip-10-0-11-30 cloud-init[1195]: Running kernel seems to be up-to-date.
Aug 26 09:55:31 ip-10-0-11-30 cloud-init[1195]: No services need to be restarted.
Aug 26 09:55:31 ip-10-0-11-30 cloud-init[1195]: No containers need to be restarted.
Aug 26 09:55:31 ip-10-0-11-30 cloud-init[1195]: No user sessions are running outdated binaries.
Aug 26 09:55:31 ip-10-0-11-30 cloud-init[1195]: No VM guests are running outdated hypervisor (qemu) binaries on this host.
Aug 26 09:55:33 ip-10-0-11-30 cloud-init[1195]: WARNING: apt does not have a stable CLI interface. Use with caution in scripts.
Aug 26 09:55:33 ip-10-0-11-30 cloud-init[1195]: Hit:1 http://ap-south-1.ec2.archive.ubuntu.com/ubuntu jammy InRelease
Aug 26 09:55:33 ip-10-0-11-30 cloud-init[1195]: Hit:2 http://ap-south-1.ec2.archive.ubuntu.com/ubuntu jammy-updates InRelease
Aug 26 09:55:33 ip-10-0-11-30 cloud-init[1195]: Hit:3 http://ap-south-1.ec2.archive.ubuntu.com/ubuntu jammy-backports InRelease
Aug 26 09:55:33 ip-10-0-11-30 cloud-init[1195]: Get:4 https://deb.nodesource.com/node_20.x nodistro InRelease [12.1 kB]
Aug 26 09:55:33 ip-10-0-11-30 cloud-init[1195]: Hit:5 http://security.ubuntu.com/ubuntu jammy-security InRelease
Aug 26 09:55:33 ip-10-0-11-30 cloud-init[1195]: Get:6 https://deb.nodesource.com/node_20.x nodistro/main amd64 Packages [14.4 kB]
Aug 26 09:55:33 ip-10-0-11-30 cloud-init[1195]: Fetched 26.6 kB in 1s (42.6 kB/s)
Aug 26 09:55:36 ip-10-0-11-30 cloud-init[1195]: Reading package lists...
Aug 26 09:55:36 ip-10-0-11-30 cloud-init[1195]: Building dependency tree...
Aug 26 09:55:36 ip-10-0-11-30 cloud-init[1195]: Reading state information...
Aug 26 09:55:36 ip-10-0-11-30 cloud-init[1195]: All packages are up to date.
Aug 26 09:55:36 ip-10-0-11-30 cloud-init[1195]: 2026-08-26 09:55:36 - Repository configured successfully.
Aug 26 09:55:36 ip-10-0-11-30 cloud-init[1195]: 2026-08-26 09:55:36 - To install Node.js, run: apt install nodejs -y
Aug 26 09:55:36 ip-10-0-11-30 cloud-init[1195]: 2026-08-26 09:55:36 - You can use N|solid Runtime as a node.js alternative
Aug 26 09:55:36 ip-10-0-11-30 cloud-init[1195]: 2026-08-26 09:55:36 - To install N|solid Runtime, run: apt install nsolid -y
Aug 26 09:55:36 ip-10-0-11-30 cloud-init[1195]: 
Aug 26 09:55:36 ip-10-0-11-30 cloud-init[1195]: + apt-get install -y nodejs
Aug 26 09:55:36 ip-10-0-11-30 cloud-init[1195]: Reading package lists...
Aug 26 09:55:37 ip-10-0-11-30 cloud-init[1195]: Building dependency tree...
Aug 26 09:55:37 ip-10-0-11-30 cloud-init[1195]: Reading state information...
Aug 26 09:55:37 ip-10-0-11-30 cloud-init[1195]: The following NEW packages will be installed:
Aug 26 09:55:37 ip-10-0-11-30 cloud-init[1195]:   nodejs
Aug 26 09:55:37 ip-10-0-11-30 cloud-init[1195]: 0 upgraded, 1 newly installed, 0 to remove and 0 not upgraded.
Aug 26 09:55:37 ip-10-0-11-30 cloud-init[1195]: Need to get 32.2 MB of archives.
Aug 26 09:55:37 ip-10-0-11-30 cloud-init[1195]: After this operation, 196 MB of additional disk space will be used.
Aug 26 09:55:37 ip-10-0-11-30 cloud-init[1195]: Get:1 https://deb.nodesource.com/node_20.x nodistro/main amd64 nodejs amd64 20.20.2-1nodesource1 [32.2 MB]
Aug 26 09:55:38 ip-10-0-11-30 cloud-init[1195]: Fetched 32.2 MB in 1s (59.9 MB/s)
Aug 26 09:55:38 ip-10-0-11-30 cloud-init[1195]: Selecting previously unselected package nodejs.
Aug 26 09:55:39 ip-10-0-11-30 cloud-init[1195]: [614B blob data]
Aug 26 09:55:39 ip-10-0-11-30 cloud-init[1195]: Preparing to unpack .../nodejs_20.20.2-1nodesource1_amd64.deb ...
Aug 26 09:55:39 ip-10-0-11-30 cloud-init[1195]: Unpacking nodejs (20.20.2-1nodesource1) ...
Aug 26 09:55:42 ip-10-0-11-30 cloud-init[1195]: Setting up nodejs (20.20.2-1nodesource1) ...
Aug 26 09:55:43 ip-10-0-11-30 cloud-init[1195]: Processing triggers for man-db (2.10.2-1) ...
Aug 26 09:55:44 ip-10-0-11-30 cloud-init[1195]: Running kernel seems to be up-to-date.
Aug 26 09:55:44 ip-10-0-11-30 cloud-init[1195]: No services need to be restarted.
Aug 26 09:55:44 ip-10-0-11-30 cloud-init[1195]: No containers need to be restarted.
Aug 26 09:55:44 ip-10-0-11-30 cloud-init[1195]: No user sessions are running outdated binaries.
Aug 26 09:55:44 ip-10-0-11-30 cloud-init[1195]: No VM guests are running outdated hypervisor (qemu) binaries on this host.
Aug 26 09:55:46 ip-10-0-11-30 cloud-init[1195]: + '[' -d /home/ubuntu/bmi-health-tracker-ec2-server/.git ']'
Aug 26 09:55:46 ip-10-0-11-30 cloud-init[1195]: + rm -rf /home/ubuntu/bmi-health-tracker-ec2-server
Aug 26 09:55:46 ip-10-0-11-30 cloud-init[1195]: + git clone --branch main --single-branch https://github.com/Tanvir-Alam625/three-tier-aws-deployment.git /home/ubuntu/bmi-health-tracker-ec2-server
Aug 26 09:55:46 ip-10-0-11-30 cloud-init[1195]: Cloning into '/home/ubuntu/bmi-health-tracker-ec2-server'...
Aug 26 09:55:47 ip-10-0-11-30 cloud-init[1195]: + BACKEND_DIR=
Aug 26 09:55:47 ip-10-0-11-30 cloud-init[1195]: + FRONTEND_DIR=
Aug 26 09:55:47 ip-10-0-11-30 cloud-init[1195]: + for candidate in "$APP_DIR/backend" "$APP_DIR/server" "$APP_DIR/app/backend" "$APP_DIR/app/server"
Aug 26 09:55:47 ip-10-0-11-30 cloud-init[1195]: + '[' -d /home/ubuntu/bmi-health-tracker-ec2-server/backend ']'
Aug 26 09:55:47 ip-10-0-11-30 cloud-init[1195]: + '[' -f /home/ubuntu/bmi-health-tracker-ec2-server/backend/package.json ']'
Aug 26 09:55:47 ip-10-0-11-30 cloud-init[1195]: + BACKEND_DIR=/home/ubuntu/bmi-health-tracker-ec2-server/backend
Aug 26 09:55:47 ip-10-0-11-30 cloud-init[1195]: + break
Aug 26 09:55:47 ip-10-0-11-30 cloud-init[1195]: + for candidate in "$APP_DIR/frontend" "$APP_DIR/client" "$APP_DIR/app/frontend" "$APP_DIR/app/client"
Aug 26 09:55:47 ip-10-0-11-30 cloud-init[1195]: + '[' -d /home/ubuntu/bmi-health-tracker-ec2-server/frontend ']'
Aug 26 09:55:47 ip-10-0-11-30 cloud-init[1195]: + '[' -f /home/ubuntu/bmi-health-tracker-ec2-server/frontend/package.json ']'
Aug 26 09:55:47 ip-10-0-11-30 cloud-init[1195]: + FRONTEND_DIR=/home/ubuntu/bmi-health-tracker-ec2-server/frontend
Aug 26 09:55:47 ip-10-0-11-30 cloud-init[1195]: + break
Aug 26 09:55:47 ip-10-0-11-30 cloud-init[1195]: + '[' -z /home/ubuntu/bmi-health-tracker-ec2-server/backend ']'
Aug 26 09:55:47 ip-10-0-11-30 cloud-init[1195]: + '[' -z /home/ubuntu/bmi-health-tracker-ec2-server/frontend ']'
Aug 26 09:55:47 ip-10-0-11-30 cloud-init[1195]: + '[' -z /home/ubuntu/bmi-health-tracker-ec2-server/backend ']'
Aug 26 09:55:47 ip-10-0-11-30 cloud-init[1195]: + '[' '!' -f /home/ubuntu/bmi-health-tracker-ec2-server/backend/package.json ']'
Aug 26 09:55:47 ip-10-0-11-30 cloud-init[1195]: + '[' -z /home/ubuntu/bmi-health-tracker-ec2-server/frontend ']'
Aug 26 09:55:47 ip-10-0-11-30 cloud-init[1195]: + '[' '!' -f /home/ubuntu/bmi-health-tracker-ec2-server/frontend/package.json ']'
Aug 26 09:55:47 ip-10-0-11-30 cloud-init[1195]: + cat
Aug 26 09:55:47 ip-10-0-11-30 cloud-init[1195]: + chmod 600 /home/ubuntu/bmi-health-tracker-ec2-server/backend/.env
Aug 26 09:55:47 ip-10-0-11-30 cloud-init[1195]: + cd /home/ubuntu/bmi-health-tracker-ec2-server/backend
Aug 26 09:55:47 ip-10-0-11-30 cloud-init[1195]: + npm install --no-audit --no-fund
Aug 26 09:55:50 ip-10-0-11-30 cloud-init[1195]: added 113 packages in 3s
Aug 26 09:55:50 ip-10-0-11-30 cloud-init[1195]: npm notice
Aug 26 09:55:50 ip-10-0-11-30 cloud-init[1195]: npm notice New major version of npm available! 10.8.2 -> 12.0.2
Aug 26 09:55:50 ip-10-0-11-30 cloud-init[1195]: npm notice Changelog: https://github.com/npm/cli/releases/tag/v12.0.2
Aug 26 09:55:50 ip-10-0-11-30 cloud-init[1195]: npm notice To update run: npm install -g npm@12.0.2
Aug 26 09:55:50 ip-10-0-11-30 cloud-init[1195]: npm notice
Aug 26 09:55:50 ip-10-0-11-30 cloud-init[1195]: + cd /home/ubuntu/bmi-health-tracker-ec2-server/frontend
Aug 26 09:55:50 ip-10-0-11-30 cloud-init[1195]: + npm install --no-audit --no-fund
Aug 26 09:55:53 ip-10-0-11-30 cloud-init[1195]: added 90 packages in 3s
Aug 26 09:55:53 ip-10-0-11-30 cloud-init[1195]: + npm run build
Aug 26 09:55:53 ip-10-0-11-30 cloud-init[1195]: > bmi-health-frontend@1.0.0 build
Aug 26 09:55:53 ip-10-0-11-30 cloud-init[1195]: > vite build
Aug 26 09:55:53 ip-10-0-11-30 cloud-init[1195]: The CJS build of Vite's Node API is deprecated. See https://vite.dev/guide/troubleshooting.html#vite-cjs-node-api-deprecated for more details.
Aug 26 09:55:53 ip-10-0-11-30 cloud-init[1195]: vite v5.4.21 building for production...
Aug 26 09:55:54 ip-10-0-11-30 cloud-init[1195]: transforming...
Aug 26 09:55:56 ip-10-0-11-30 cloud-init[1195]: ✓ 90 modules transformed.
Aug 26 09:55:57 ip-10-0-11-30 cloud-init[1195]: rendering chunks...
Aug 26 09:55:57 ip-10-0-11-30 cloud-init[1195]: computing gzip size...
Aug 26 09:55:57 ip-10-0-11-30 cloud-init[1195]: dist/index.html                   0.70 kB │ gzip:   0.40 kB
Aug 26 09:55:57 ip-10-0-11-30 cloud-init[1195]: dist/assets/index-DF3gYqrK.css    6.96 kB │ gzip:   2.15 kB
Aug 26 09:55:57 ip-10-0-11-30 cloud-init[1195]: dist/assets/index-8WbEz4Gj.js   365.65 kB │ gzip: 123.82 kB
Aug 26 09:55:57 ip-10-0-11-30 cloud-init[1195]: ✓ built in 3.31s
Aug 26 09:55:57 ip-10-0-11-30 cloud-init[1195]: + sudo -u postgres psql -tc 'SELECT 1 FROM pg_roles WHERE rolname='\''bmi_user'\'''
Aug 26 09:55:57 ip-10-0-11-30 cloud-init[1195]: + grep -q 1
Aug 26 09:55:57 ip-10-0-11-30 sudo[7141]:     root : PWD=/home/ubuntu/bmi-health-tracker-ec2-server/frontend ; USER=postgres ; COMMAND=/usr/bin/psql -tc 'SELECT 1 FROM pg_roles WHERE rolname=\'bmi_user\''
Aug 26 09:55:57 ip-10-0-11-30 sudo[7141]: pam_unix(sudo:session): session opened for user postgres(uid=114) by (uid=0)
Aug 26 09:55:57 ip-10-0-11-30 sudo[7141]: pam_unix(sudo:session): session closed for user postgres
Aug 26 09:55:57 ip-10-0-11-30 cloud-init[1195]: + sudo -u postgres psql -v ON_ERROR_STOP=1 -c 'CREATE USER bmi_user WITH PASSWORD '\''StrongPassword123!'\'';'
Aug 26 09:55:57 ip-10-0-11-30 sudo[7145]:     root : PWD=/home/ubuntu/bmi-health-tracker-ec2-server/frontend ; USER=postgres ; COMMAND=/usr/bin/psql -v ON_ERROR_STOP=1 -c 'CREATE USER bmi_user WITH PASSWORD \'StrongPassword123!\';'
Aug 26 09:55:57 ip-10-0-11-30 sudo[7145]: pam_unix(sudo:session): session opened for user postgres(uid=114) by (uid=0)
Aug 26 09:55:57 ip-10-0-11-30 cloud-init[1195]: CREATE ROLE
Aug 26 09:55:57 ip-10-0-11-30 sudo[7145]: pam_unix(sudo:session): session closed for user postgres
Aug 26 09:55:57 ip-10-0-11-30 cloud-init[1195]: + sudo -u postgres psql -tc 'SELECT 1 FROM pg_database WHERE datname='\''bmi_health'\'''
Aug 26 09:55:57 ip-10-0-11-30 cloud-init[1195]: + grep -q 1
Aug 26 09:55:57 ip-10-0-11-30 sudo[7148]:     root : PWD=/home/ubuntu/bmi-health-tracker-ec2-server/frontend ; USER=postgres ; COMMAND=/usr/bin/psql -tc 'SELECT 1 FROM pg_database WHERE datname=\'bmi_health\''
Aug 26 09:55:57 ip-10-0-11-30 sudo[7148]: pam_unix(sudo:session): session opened for user postgres(uid=114) by (uid=0)
Aug 26 09:55:57 ip-10-0-11-30 sudo[7148]: pam_unix(sudo:session): session closed for user postgres
Aug 26 09:55:57 ip-10-0-11-30 cloud-init[1195]: + sudo -u postgres psql -v ON_ERROR_STOP=1 -c 'CREATE DATABASE bmi_health OWNER bmi_user;'
Aug 26 09:55:57 ip-10-0-11-30 sudo[7152]:     root : PWD=/home/ubuntu/bmi-health-tracker-ec2-server/frontend ; USER=postgres ; COMMAND=/usr/bin/psql -v ON_ERROR_STOP=1 -c 'CREATE DATABASE bmi_health OWNER bmi_user;'
Aug 26 09:55:57 ip-10-0-11-30 sudo[7152]: pam_unix(sudo:session): session opened for user postgres(uid=114) by (uid=0)
Aug 26 09:55:57 ip-10-0-11-30 cloud-init[1195]: CREATE DATABASE
Aug 26 09:55:57 ip-10-0-11-30 sudo[7152]: pam_unix(sudo:session): session closed for user postgres
Aug 26 09:55:57 ip-10-0-11-30 cloud-init[1195]: + sudo -u postgres psql -v ON_ERROR_STOP=1 -d bmi_health -c 'GRANT ALL PRIVILEGES ON DATABASE bmi_health TO bmi_user;'
Aug 26 09:55:57 ip-10-0-11-30 sudo[7155]:     root : PWD=/home/ubuntu/bmi-health-tracker-ec2-server/frontend ; USER=postgres ; COMMAND=/usr/bin/psql -v ON_ERROR_STOP=1 -d bmi_health -c 'GRANT ALL PRIVILEGES ON DATABASE bmi_health TO bmi_user;'
Aug 26 09:55:57 ip-10-0-11-30 sudo[7155]: pam_unix(sudo:session): session opened for user postgres(uid=114) by (uid=0)
Aug 26 09:55:58 ip-10-0-11-30 cloud-init[1195]: GRANT
Aug 26 09:55:58 ip-10-0-11-30 sudo[7155]: pam_unix(sudo:session): session closed for user postgres
Aug 26 09:55:58 ip-10-0-11-30 cloud-init[1195]: + '[' -f /home/ubuntu/bmi-health-tracker-ec2-server/database/migrations/001_create_measurements.sql ']'
Aug 26 09:55:58 ip-10-0-11-30 cloud-init[1195]: + PGPASSWORD='StrongPassword123!'
Aug 26 09:55:58 ip-10-0-11-30 cloud-init[1195]: + psql -h 127.0.0.1 -U bmi_user -d bmi_health -f /home/ubuntu/bmi-health-tracker-ec2-server/database/migrations/001_create_measurements.sql
Aug 26 09:55:58 ip-10-0-11-30 cloud-init[1195]: CREATE TABLE
Aug 26 09:55:58 ip-10-0-11-30 cloud-init[1195]: CREATE INDEX
Aug 26 09:55:58 ip-10-0-11-30 cloud-init[1195]: CREATE INDEX
Aug 26 09:55:58 ip-10-0-11-30 cloud-init[1195]: CREATE INDEX
Aug 26 09:55:58 ip-10-0-11-30 cloud-init[1195]: COMMENT
Aug 26 09:55:58 ip-10-0-11-30 cloud-init[1195]: COMMENT
Aug 26 09:55:58 ip-10-0-11-30 cloud-init[1195]: COMMENT
Aug 26 09:55:58 ip-10-0-11-30 cloud-init[1195]: COMMENT
Aug 26 09:55:58 ip-10-0-11-30 cloud-init[1195]: COMMENT
Aug 26 09:55:58 ip-10-0-11-30 cloud-init[1195]: COMMENT
Aug 26 09:55:58 ip-10-0-11-30 cloud-init[1195]: COMMENT
Aug 26 09:55:58 ip-10-0-11-30 cloud-init[1195]: COMMENT
Aug 26 09:55:58 ip-10-0-11-30 cloud-init[1195]: COMMENT
Aug 26 09:55:58 ip-10-0-11-30 cloud-init[1195]: COMMENT
Aug 26 09:55:58 ip-10-0-11-30 cloud-init[1195]: COMMENT
Aug 26 09:55:58 ip-10-0-11-30 cloud-init[1195]:                               status
Aug 26 09:55:58 ip-10-0-11-30 cloud-init[1195]: -------------------------------------------------------------------
Aug 26 09:55:58 ip-10-0-11-30 cloud-init[1195]:  Migration 001 completed successfully - measurements table created
Aug 26 09:55:58 ip-10-0-11-30 cloud-init[1195]: (1 row)
Aug 26 09:55:58 ip-10-0-11-30 cloud-init[1195]: + cat
Aug 26 09:55:58 ip-10-0-11-30 cloud-init[1195]: + systemctl daemon-reload
Aug 26 09:55:58 ip-10-0-11-30 cloud-init[1195]: + systemctl enable bmi-backend
Aug 26 09:55:58 ip-10-0-11-30 cloud-init[1195]: Created symlink /etc/systemd/system/multi-user.target.wants/bmi-backend.service → /etc/systemd/system/bmi-backend.service.
Aug 26 09:55:58 ip-10-0-11-30 cloud-init[1195]: + systemctl start bmi-backend
Aug 26 09:55:58 ip-10-0-11-30 cloud-init[1195]: + HEALTH_OK=0
Aug 26 09:55:58 ip-10-0-11-30 cloud-init[1195]: ++ seq 1 60
Aug 26 09:55:58 ip-10-0-11-30 cloud-init[1195]: + for i in $(seq 1 60)
Aug 26 09:55:58 ip-10-0-11-30 cloud-init[1195]: + grep -q '"status":"ok"'
Aug 26 09:55:58 ip-10-0-11-30 cloud-init[1195]: + curl -fsS http://127.0.0.1:3000/health
Aug 26 09:55:58 ip-10-0-11-30 cloud-init[1195]: curl: (7) Failed to connect to 127.0.0.1 port 3000 after 0 ms: Connection refused
Aug 26 09:55:58 ip-10-0-11-30 cloud-init[1195]: + echo 'Waiting for backend health on port 3000... 1/60'
Aug 26 09:55:58 ip-10-0-11-30 cloud-init[1195]: Waiting for backend health on port 3000... 1/60
Aug 26 09:55:58 ip-10-0-11-30 cloud-init[1195]: + sleep 5
Aug 26 09:56:03 ip-10-0-11-30 cloud-init[1195]: + for i in $(seq 1 60)
Aug 26 09:56:03 ip-10-0-11-30 cloud-init[1195]: + grep -q '"status":"ok"'
Aug 26 09:56:03 ip-10-0-11-30 cloud-init[1195]: + curl -fsS http://127.0.0.1:3000/health
Aug 26 09:56:03 ip-10-0-11-30 cloud-init[1195]: + echo 'Backend health check passed'
Aug 26 09:56:03 ip-10-0-11-30 cloud-init[1195]: Backend health check passed
Aug 26 09:56:03 ip-10-0-11-30 cloud-init[1195]: + HEALTH_OK=1
Aug 26 09:56:03 ip-10-0-11-30 cloud-init[1195]: + break
Aug 26 09:56:03 ip-10-0-11-30 cloud-init[1195]: + '[' 1 -ne 1 ']'
Aug 26 09:56:03 ip-10-0-11-30 cloud-init[1195]: + mkdir -p /etc/ssl/cloudflare
Aug 26 09:56:03 ip-10-0-11-30 cloud-init[1195]: + chmod 700 /etc/ssl/cloudflare
Aug 26 09:56:03 ip-10-0-11-30 cloud-init[1195]: + '[' -f /etc/ssl/cloudflare/cloudflare.crt ']'
Aug 26 09:56:03 ip-10-0-11-30 cloud-init[1195]: + echo 'Cloudflare origin cert not found, falling back to certbot'
Aug 26 09:56:03 ip-10-0-11-30 cloud-init[1195]: Cloudflare origin cert not found, falling back to certbot
Aug 26 09:56:03 ip-10-0-11-30 cloud-init[1195]: + '[' '!' -d /etc/letsencrypt/live/3tier.tanvirops.xyz ']'
Aug 26 09:56:03 ip-10-0-11-30 cloud-init[1195]: + certbot --nginx --non-interactive --agree-tos --email admin@3tier.tanvirops.xyz -d 3tier.tanvirops.xyz
Aug 26 09:56:05 ip-10-0-11-30 cloud-init[1195]: Saving debug log to /var/log/letsencrypt/letsencrypt.log
Aug 26 09:56:06 ip-10-0-11-30 cloud-init[1195]: Account registered.
Aug 26 09:56:06 ip-10-0-11-30 cloud-init[1195]: Requesting a certificate for 3tier.tanvirops.xyz
Aug 26 09:56:10 ip-10-0-11-30 cloud-init[1195]: Certbot failed to authenticate some domains (authenticator: nginx). The Certificate Authority reported these problems:
Aug 26 09:56:10 ip-10-0-11-30 cloud-init[1195]:   Domain: 3tier.tanvirops.xyz
Aug 26 09:56:10 ip-10-0-11-30 cloud-init[1195]:   Type:   unauthorized
Aug 26 09:56:10 ip-10-0-11-30 cloud-init[1195]:   Detail: 2606:4700:3032::6815:4eb2: Invalid response from http://3tier.tanvirops.xyz/.well-known/acme-challenge/tLJQI_GvnDKlHn_R-6Yp1d_s8gETDM-nfkMYXJcsg9I: 530
Aug 26 09:56:10 ip-10-0-11-30 cloud-init[1195]: Hint: The Certificate Authority failed to verify the temporary nginx configuration changes made by Certbot. Ensure the listed domains point to this nginx server and that it is accessible from the internet.
Aug 26 09:56:11 ip-10-0-11-30 cloud-init[1195]: Some challenges have failed.
Aug 26 09:56:11 ip-10-0-11-30 cloud-init[1195]: Ask for help or search for solutions at https://community.letsencrypt.org. See the logfile /var/log/letsencrypt/letsencrypt.log or re-run Certbot with -v for more details.
Aug 26 09:56:11 ip-10-0-11-30 cloud-init[1195]: 2026-08-26 09:56:11,743 - cc_scripts_user.py[WARNING]: Failed to run module scripts_user (scripts in /var/lib/cloud/instance/scripts)
Aug 26 09:56:11 ip-10-0-11-30 cloud-init[1195]: 2026-08-26 09:56:11,743 - log_util.py[WARNING]: Running module scripts_user (<module 'cloudinit.config.cc_scripts_user' from '/usr/lib/python3/dist-packages/cloudinit/config/cc_scripts_user.py'>) failed
Aug 26 09:56:11 ip-10-0-11-30 cloud-init[7270]: #############################################################
Aug 26 09:56:11 ip-10-0-11-30 cloud-init[7271]: -----BEGIN SSH HOST KEY FINGERPRINTS-----
Aug 26 09:56:11 ip-10-0-11-30 cloud-init[7273]: 256 SHA256:YTruZB37Vo0RHU9iPbf0ZL6ZlA/AbNm2NlhGwrVuy7w root@ip-10-0-11-30 (ECDSA)
Aug 26 09:56:11 ip-10-0-11-30 cloud-init[7275]: 256 SHA256:dC5FBh84sxARElJTkIfwkMlQj/gSf/KOt952JNSZhYc root@ip-10-0-11-30 (ED25519)
Aug 26 09:56:11 ip-10-0-11-30 cloud-init[7277]: 3072 SHA256:tsJB5h8S8NiJmHRSD1FGBgAEvGrsuZkDSzAdJvhcARc root@ip-10-0-11-30 (RSA)
Aug 26 09:56:11 ip-10-0-11-30 cloud-init[7278]: -----END SSH HOST KEY FINGERPRINTS-----
Aug 26 09:56:11 ip-10-0-11-30 cloud-init[7279]: #############################################################
Aug 26 09:56:11 ip-10-0-11-30 cloud-init[1195]: Cloud-init v. 26.1-0ubuntu1~22.04.1 finished at Wed, 26 Aug 2026 09:56:11 +0000. Datasource DataSourceEc2Local.  Up 191.13 seconds
Aug 26 09:56:11 ip-10-0-11-30 systemd[1]: cloud-final.service: Main process exited, code=exited, status=1/FAILURE
Aug 26 09:56:11 ip-10-0-11-30 systemd[1]: cloud-final.service: Failed with result 'exit-code'.
Aug 26 09:56:11 ip-10-0-11-30 systemd[1]: cloud-final.service: Unit process 1194 (sh) remains running after unit stopped.
Aug 26 09:56:11 ip-10-0-11-30 systemd[1]: cloud-final.service: Unit process 1195 (tee) remains running after unit stopped.
Aug 26 09:56:11 ip-10-0-11-30 systemd[1]: Failed to start Cloud-init: Final Stage.
Aug 26 09:56:11 ip-10-0-11-30 systemd[1]: cloud-final.service: Consumed 1min 19.362s CPU time.
Aug 26 09:53:05 ip-10-0-11-30 systemd[1]: Starting Cloud-init: Network Stage...
Aug 26 09:53:06 ip-10-0-11-30 cloud-init[350]: Cloud-init v. 26.1-0ubuntu1~22.04.1 running 'init' at Wed, 26 Aug 2026 09:53:06 +0000. Up 6.87 seconds.
Aug 26 09:53:06 ip-10-0-11-30 cloud-init[350]: ci-info: ++++++++++++++++++++++++++++++++++++++Net device info++++++++++++++++++++++++++++++++++++++
Aug 26 09:53:06 ip-10-0-11-30 cloud-init[350]: ci-info: +--------+------+----------------------------+---------------+--------+-------------------+
Aug 26 09:53:06 ip-10-0-11-30 cloud-init[350]: ci-info: | Device |  Up  |          Address           |      Mask     | Scope  |     Hw-Address    |
Aug 26 09:53:06 ip-10-0-11-30 cloud-init[350]: ci-info: +--------+------+----------------------------+---------------+--------+-------------------+
Aug 26 09:53:06 ip-10-0-11-30 cloud-init[350]: ci-info: |  ens5  | True |         10.0.11.30         | 255.255.255.0 | global | 02:8c:82:fd:d4:dd |
Aug 26 09:53:06 ip-10-0-11-30 cloud-init[350]: ci-info: |  ens5  | True | fe80::8c:82ff:fefd:d4dd/64 |       .       |  link  | 02:8c:82:fd:d4:dd |
Aug 26 09:53:06 ip-10-0-11-30 cloud-init[350]: ci-info: |   lo   | True |         127.0.0.1          |   255.0.0.0   |  host  |         .         |
Aug 26 09:53:06 ip-10-0-11-30 cloud-init[350]: ci-info: |   lo   | True |          ::1/128           |       .       |  host  |         .         |
Aug 26 09:53:06 ip-10-0-11-30 cloud-init[350]: ci-info: +--------+------+----------------------------+---------------+--------+-------------------+
Aug 26 09:53:06 ip-10-0-11-30 cloud-init[350]: ci-info: +++++++++++++++++++++++++++++Route IPv4 info+++++++++++++++++++++++++++++
Aug 26 09:53:06 ip-10-0-11-30 cloud-init[350]: ci-info: +-------+-------------+-----------+-----------------+-----------+-------+
Aug 26 09:53:06 ip-10-0-11-30 cloud-init[350]: ci-info: | Route | Destination |  Gateway  |     Genmask     | Interface | Flags |
Aug 26 09:53:06 ip-10-0-11-30 cloud-init[350]: ci-info: +-------+-------------+-----------+-----------------+-----------+-------+
Aug 26 09:53:06 ip-10-0-11-30 cloud-init[350]: ci-info: |   0   |   0.0.0.0   | 10.0.11.1 |     0.0.0.0     |    ens5   |   UG  |
Aug 26 09:53:06 ip-10-0-11-30 cloud-init[350]: ci-info: |   1   |   10.0.0.2  | 10.0.11.1 | 255.255.255.255 |    ens5   |  UGH  |
Aug 26 09:53:06 ip-10-0-11-30 cloud-init[350]: ci-info: |   2   |  10.0.11.0  |  0.0.0.0  |  255.255.255.0  |    ens5   |   U   |
Aug 26 09:53:06 ip-10-0-11-30 cloud-init[350]: ci-info: |   3   |  10.0.11.1  |  0.0.0.0  | 255.255.255.255 |    ens5   |   UH  |
Aug 26 09:53:06 ip-10-0-11-30 cloud-init[350]: ci-info: +-------+-------------+-----------+-----------------+-----------+-------+
Aug 26 09:53:06 ip-10-0-11-30 cloud-init[350]: ci-info: +++++++++++++++++++Route IPv6 info+++++++++++++++++++
Aug 26 09:53:06 ip-10-0-11-30 cloud-init[350]: ci-info: +-------+-------------+---------+-----------+-------+
Aug 26 09:53:06 ip-10-0-11-30 cloud-init[350]: ci-info: | Route | Destination | Gateway | Interface | Flags |
Aug 26 09:53:06 ip-10-0-11-30 cloud-init[350]: ci-info: +-------+-------------+---------+-----------+-------+
Aug 26 09:53:06 ip-10-0-11-30 cloud-init[350]: ci-info: |   1   |  fe80::/64  |    ::   |    ens5   |   U   |
Aug 26 09:53:06 ip-10-0-11-30 cloud-init[350]: ci-info: |   3   |    local    |    ::   |    ens5   |   U   |
Aug 26 09:53:06 ip-10-0-11-30 cloud-init[350]: ci-info: |   4   |  multicast  |    ::   |    ens5   |   U   |
Aug 26 09:53:06 ip-10-0-11-30 cloud-init[350]: ci-info: +-------+-------------+---------+-----------+-------+
Aug 26 09:53:06 ip-10-0-11-30 useradd[422]: new group: name=ubuntu, GID=1000
Aug 26 09:53:06 ip-10-0-11-30 useradd[422]: new user: name=ubuntu, UID=1000, GID=1000, home=/home/ubuntu, shell=/bin/bash, from=none
Aug 26 09:53:07 ip-10-0-11-30 useradd[422]: add 'ubuntu' to group 'adm'
Aug 26 09:53:07 ip-10-0-11-30 useradd[422]: add 'ubuntu' to group 'dialout'
Aug 26 09:53:07 ip-10-0-11-30 useradd[422]: add 'ubuntu' to group 'cdrom'
Aug 26 09:53:07 ip-10-0-11-30 useradd[422]: add 'ubuntu' to group 'floppy'
Aug 26 09:53:07 ip-10-0-11-30 useradd[422]: add 'ubuntu' to group 'sudo'
Aug 26 09:53:07 ip-10-0-11-30 useradd[422]: add 'ubuntu' to group 'audio'
Aug 26 09:53:07 ip-10-0-11-30 useradd[422]: add 'ubuntu' to group 'dip'
Aug 26 09:53:07 ip-10-0-11-30 useradd[422]: add 'ubuntu' to group 'video'
Aug 26 09:53:07 ip-10-0-11-30 useradd[422]: add 'ubuntu' to group 'plugdev'
Aug 26 09:53:07 ip-10-0-11-30 useradd[422]: add 'ubuntu' to group 'netdev'
Aug 26 09:53:07 ip-10-0-11-30 useradd[422]: add 'ubuntu' to group 'lxd'
Aug 26 09:53:07 ip-10-0-11-30 useradd[422]: add 'ubuntu' to shadow group 'adm'
Aug 26 09:53:07 ip-10-0-11-30 useradd[422]: add 'ubuntu' to shadow group 'dialout'
Aug 26 09:53:07 ip-10-0-11-30 useradd[422]: add 'ubuntu' to shadow group 'cdrom'
Aug 26 09:53:07 ip-10-0-11-30 useradd[422]: add 'ubuntu' to shadow group 'floppy'
Aug 26 09:53:07 ip-10-0-11-30 useradd[422]: add 'ubuntu' to shadow group 'sudo'
Aug 26 09:53:07 ip-10-0-11-30 useradd[422]: add 'ubuntu' to shadow group 'audio'
Aug 26 09:53:07 ip-10-0-11-30 useradd[422]: add 'ubuntu' to shadow group 'dip'
Aug 26 09:53:07 ip-10-0-11-30 useradd[422]: add 'ubuntu' to shadow group 'video'
Aug 26 09:53:07 ip-10-0-11-30 useradd[422]: add 'ubuntu' to shadow group 'plugdev'
Aug 26 09:53:07 ip-10-0-11-30 useradd[422]: add 'ubuntu' to shadow group 'netdev'
Aug 26 09:53:07 ip-10-0-11-30 useradd[422]: add 'ubuntu' to shadow group 'lxd'
Aug 26 09:53:07 ip-10-0-11-30 passwd[430]: password for 'ubuntu' changed by 'root'
Aug 26 09:53:07 ip-10-0-11-30 cloud-init[350]: Generating public/private rsa key pair.
Aug 26 09:53:07 ip-10-0-11-30 cloud-init[350]: Your identification has been saved in /etc/ssh/ssh_host_rsa_key
Aug 26 09:53:07 ip-10-0-11-30 cloud-init[350]: Your public key has been saved in /etc/ssh/ssh_host_rsa_key.pub
Aug 26 09:53:07 ip-10-0-11-30 cloud-init[350]: The key fingerprint is:
Aug 26 09:53:07 ip-10-0-11-30 cloud-init[350]: SHA256:tsJB5h8S8NiJmHRSD1FGBgAEvGrsuZkDSzAdJvhcARc root@ip-10-0-11-30
Aug 26 09:53:07 ip-10-0-11-30 cloud-init[350]: The key's randomart image is:
Aug 26 09:53:07 ip-10-0-11-30 cloud-init[350]: +---[RSA 3072]----+
Aug 26 09:53:07 ip-10-0-11-30 cloud-init[350]: |Bo=+EB=          |
Aug 26 09:53:07 ip-10-0-11-30 cloud-init[350]: |ooo*.@ .         |
Aug 26 09:53:07 ip-10-0-11-30 cloud-init[350]: | *+oo O          |
Aug 26 09:53:07 ip-10-0-11-30 cloud-init[350]: |o.+  + .         |
Aug 26 09:53:07 ip-10-0-11-30 cloud-init[350]: |+.    + S        |
Aug 26 09:53:07 ip-10-0-11-30 cloud-init[350]: |o+   . = o       |
Aug 26 09:53:07 ip-10-0-11-30 cloud-init[350]: |=..   o o        |
Aug 26 09:53:07 ip-10-0-11-30 cloud-init[350]: |.+o    .         |
Aug 26 09:53:07 ip-10-0-11-30 cloud-init[350]: | +o              |
Aug 26 09:53:07 ip-10-0-11-30 cloud-init[350]: +----[SHA256]-----+
Aug 26 09:53:07 ip-10-0-11-30 cloud-init[350]: Generating public/private ecdsa key pair.
Aug 26 09:53:07 ip-10-0-11-30 cloud-init[350]: Your identification has been saved in /etc/ssh/ssh_host_ecdsa_key
Aug 26 09:53:07 ip-10-0-11-30 cloud-init[350]: Your public key has been saved in /etc/ssh/ssh_host_ecdsa_key.pub
Aug 26 09:53:07 ip-10-0-11-30 cloud-init[350]: The key fingerprint is:
Aug 26 09:53:07 ip-10-0-11-30 cloud-init[350]: SHA256:YTruZB37Vo0RHU9iPbf0ZL6ZlA/AbNm2NlhGwrVuy7w root@ip-10-0-11-30
Aug 26 09:53:07 ip-10-0-11-30 cloud-init[350]: The key's randomart image is:
Aug 26 09:53:07 ip-10-0-11-30 cloud-init[350]: +---[ECDSA 256]---+
Aug 26 09:53:07 ip-10-0-11-30 cloud-init[350]: |           +.**o.|
Aug 26 09:53:07 ip-10-0-11-30 cloud-init[350]: |            Oo*B=|
Aug 26 09:53:07 ip-10-0-11-30 cloud-init[350]: |        o  . Bo=B|
Aug 26 09:53:07 ip-10-0-11-30 cloud-init[350]: |       o .  o.=+o|
Aug 26 09:53:07 ip-10-0-11-30 cloud-init[350]: |      o S    =+o=|
Aug 26 09:53:07 ip-10-0-11-30 cloud-init[350]: |     . o o  o+.=.|
Aug 26 09:53:07 ip-10-0-11-30 cloud-init[350]: |      + o  .  +  |
Aug 26 09:53:07 ip-10-0-11-30 cloud-init[350]: |     +   ..    . |
Aug 26 09:53:07 ip-10-0-11-30 cloud-init[350]: |      .  ..   E  |
Aug 26 09:53:07 ip-10-0-11-30 cloud-init[350]: +----[SHA256]-----+
Aug 26 09:53:07 ip-10-0-11-30 cloud-init[350]: Generating public/private ed25519 key pair.
Aug 26 09:53:07 ip-10-0-11-30 cloud-init[350]: Your identification has been saved in /etc/ssh/ssh_host_ed25519_key
Aug 26 09:53:07 ip-10-0-11-30 cloud-init[350]: Your public key has been saved in /etc/ssh/ssh_host_ed25519_key.pub
Aug 26 09:53:07 ip-10-0-11-30 cloud-init[350]: The key fingerprint is:
Aug 26 09:53:07 ip-10-0-11-30 cloud-init[350]: SHA256:dC5FBh84sxARElJTkIfwkMlQj/gSf/KOt952JNSZhYc root@ip-10-0-11-30
Aug 26 09:53:07 ip-10-0-11-30 cloud-init[350]: The key's randomart image is:
Aug 26 09:53:07 ip-10-0-11-30 cloud-init[350]: +--[ED25519 256]--+
Aug 26 09:53:07 ip-10-0-11-30 cloud-init[350]: |.+==**=+.=+      |
Aug 26 09:53:07 ip-10-0-11-30 cloud-init[350]: | .+*ooo E+o.     |
Aug 26 09:53:07 ip-10-0-11-30 cloud-init[350]: |o . o. o.O+      |
Aug 26 09:53:07 ip-10-0-11-30 cloud-init[350]: | +    ..=+       |
Aug 26 09:53:07 ip-10-0-11-30 cloud-init[350]: |. + ..  S .      |
Aug 26 09:53:07 ip-10-0-11-30 cloud-init[350]: | . +  . ..       |
Aug 26 09:53:07 ip-10-0-11-30 cloud-init[350]: |    .  o         |
Aug 26 09:53:07 ip-10-0-11-30 cloud-init[350]: |   o... .        |
Aug 26 09:53:07 ip-10-0-11-30 cloud-init[350]: |  .o+o..         |
Aug 26 09:53:07 ip-10-0-11-30 cloud-init[350]: +----[SHA256]-----+
Aug 26 09:53:07 ip-10-0-11-30 systemd[1]: Finished Cloud-init: Network Stage.
ubuntu@ip-10-0-11-30:~$ 
